current directory: /home/jdy4k/Documents/Repos/sites/duncan-personal-site/.gem/gems/bigdecimal-4.0.1/ext/bigdecimal
/nix/store/0akh4i9af1sxvdn439mmx8iafac8cns5-ruby-3.3.10/bin/ruby extconf.rb
checking for __builtin_clz()... yes
checking for __builtin_clzl()... yes
checking for __builtin_clzll()... yes
checking for float.h... yes
checking for math.h... yes
checking for stdbool.h... yes
checking for stdlib.h... yes
checking for x86intrin.h... yes
checking for _lzcnt_u32() in x86intrin.h... no
checking for _lzcnt_u64() in x86intrin.h... no
checking for intrin.h... no
checking for ruby/atomic.h... yes
checking for ruby/internal/has/builtin.h... yes
checking for ruby/internal/static_assert.h... yes
checking for rb_complex_real() in ruby.h... yes
checking for rb_complex_imag() in ruby.h... yes
checking for rb_opts_exception_p() in ruby.h... yes
checking for rb_category_warn() in ruby.h... yes
checking for RB_WARN_CATEGORY_DEPRECATED in ruby.h... yes
creating Makefile

current directory: /home/jdy4k/Documents/Repos/sites/duncan-personal-site/.gem/gems/bigdecimal-4.0.1/ext/bigdecimal
make DESTDIR\= sitearchdir\=./.gem.20260208-65603-qvo8z1 sitelibdir\=./.gem.20260208-65603-qvo8z1 clean

current directory: /home/jdy4k/Documents/Repos/sites/duncan-personal-site/.gem/gems/bigdecimal-4.0.1/ext/bigdecimal
make DESTDIR\= sitearchdir\=./.gem.20260208-65603-qvo8z1 sitelibdir\=./.gem.20260208-65603-qvo8z1
compiling bigdecimal.c
compiling missing.c
linking shared-object bigdecimal.so

current directory: /home/jdy4k/Documents/Repos/sites/duncan-personal-site/.gem/gems/bigdecimal-4.0.1/ext/bigdecimal
make DESTDIR\= sitearchdir\=./.gem.20260208-65603-qvo8z1 sitelibdir\=./.gem.20260208-65603-qvo8z1 install
install -c -p -m 755 bigdecimal.so ./.gem.20260208-65603-qvo8z1

current directory: /home/jdy4k/Documents/Repos/sites/duncan-personal-site/.gem/gems/bigdecimal-4.0.1/ext/bigdecimal
make DESTDIR\= sitearchdir\=./.gem.20260208-65603-qvo8z1 sitelibdir\=./.gem.20260208-65603-qvo8z1 clean
